This is BibTeX, Version 0.99e
Capacity: max_strings=200000, hash_size=200000, hash_prime=170003
The top-level auxiliary file: main.aux
Reallocating 'name_of_file' (item size: 1) to 9 items.
The style file: plainnat.bst
Reallocating 'name_of_file' (item size: 1) to 11 items.
Database file #1: references.bib
You've used 47 entries,
            2773 wiz_defined-function locations,
            940 strings with 17109 characters,
and the built_in function-call counts, 23675 in all, are:
= -- 2172
> -- 1346
< -- 54
+ -- 476
- -- 417
* -- 1874
:= -- 3560
add.period$ -- 210
call.type$ -- 47
change.case$ -- 280
chr.to.int$ -- 35
cite$ -- 94
duplicate$ -- 1009
empty$ -- 1878
format.name$ -- 480
if$ -- 5058
int.to.chr$ -- 13
int.to.str$ -- 1
missing$ -- 25
newline$ -- 312
num.names$ -- 188
pop$ -- 598
preamble$ -- 1
purify$ -- 233
quote$ -- 0
skip$ -- 870
stack$ -- 0
substring$ -- 759
swap$ -- 208
text.length$ -- 23
text.prefix$ -- 0
top$ -- 0
type$ -- 517
warning$ -- 0
while$ -- 193
width$ -- 0
write$ -- 744
