This is pdfTeX, Version 3.141592653-2.6-1.40.28 (MiKTeX 25.12) (preloaded format=pdflatex.fmt)
 restricted \write18 enabled.
entering extended mode
(main.tex
LaTeX2e <2025-11-01>
L3 programming layer <2025-12-24>
(C:\Users\robin\AppData\Local\Programs\MiKTeX\tex/latex/base\article.cls
Document Class: article 2025/01/22 v1.4n Standard LaTeX document class
(C:\Users\robin\AppData\Local\Programs\MiKTeX\tex/latex/base\size11.clo))
(C:\Users\robin\AppData\Local\Programs\MiKTeX\tex/latex/base\fontenc.sty)
(C:\Users\robin\AppData\Local\Programs\MiKTeX\tex/latex/base\inputenc.sty)
(C:\Users\robin\AppData\Local\Programs\MiKTeX\tex/latex/lm\lmodern.sty)
(C:\Users\robin\AppData\Local\Programs\MiKTeX\tex/latex/geometry\geometry.sty
(C:\Users\robin\AppData\Local\Programs\MiKTeX\tex/latex/graphics\keyval.sty)
(C:\Users\robin\AppData\Local\Programs\MiKTeX\tex/generic/iftex\ifvtex.sty
(C:\Users\robin\AppData\Local\Programs\MiKTeX\tex/generic/iftex\iftex.sty))
(C:\Users\robin\AppData\Local\Programs\MiKTeX\tex/latex/geometry\geometry.cfg))
(C:\Users\robin\AppData\Local\Programs\MiKTeX\tex/latex/amsmath\amsmath.sty
For additional information on amsmath, use the `?' option.
(C:\Users\robin\AppData\Local\Programs\MiKTeX\tex/latex/amsmath\amstext.sty
(C:\Users\robin\AppData\Local\Programs\MiKTeX\tex/latex/amsmath\amsgen.sty))
(C:\Users\robin\AppData\Local\Programs\MiKTeX\tex/latex/amsmath\amsbsy.sty)
(C:\Users\robin\AppData\Local\Programs\MiKTeX\tex/latex/amsmath\amsopn.sty))
(C:\Users\robin\AppData\Local\Programs\MiKTeX\tex/latex/amsfonts\amssymb.sty
(C:\Users\robin\AppData\Local\Programs\MiKTeX\tex/latex/amsfonts\amsfonts.sty))
 (C:\Users\robin\AppData\Local\Programs\MiKTeX\tex/latex/amscls\amsthm.sty)
(C:\Users\robin\AppData\Local\Programs\MiKTeX\tex/latex/mathtools\mathtools.sty
(C:\Users\robin\AppData\Local\Programs\MiKTeX\tex/latex/tools\calc.sty)
(C:\Users\robin\AppData\Local\Programs\MiKTeX\tex/latex/mathtools\mhsetup.sty))

(C:\Users\robin\AppData\Local\Programs\MiKTeX\tex/latex/microtype\microtype.sty
(C:\Users\robin\AppData\Local\Programs\MiKTeX\tex/latex/etoolbox\etoolbox.sty)
(C:\Users\robin\AppData\Local\Programs\MiKTeX\tex/latex/microtype\microtype-pdf
tex.def)
(C:\Users\robin\AppData\Local\Programs\MiKTeX\tex/latex/microtype\microtype.cfg
))
(C:\Users\robin\AppData\Local\Programs\MiKTeX\tex/latex/booktabs\booktabs.sty)
(C:\Users\robin\AppData\Local\Programs\MiKTeX\tex/latex/tools\longtable.sty)
(C:\Users\robin\AppData\Local\Programs\MiKTeX\tex/latex/tools\array.sty)
(C:\Users\robin\AppData\Local\Programs\MiKTeX\tex/latex/graphics\graphicx.sty
(C:\Users\robin\AppData\Local\Programs\MiKTeX\tex/latex/graphics\graphics.sty
(C:\Users\robin\AppData\Local\Programs\MiKTeX\tex/latex/graphics\trig.sty)
(C:\Users\robin\AppData\Local\Programs\MiKTeX\tex/latex/graphics-cfg\graphics.c
fg)
(C:\Users\robin\AppData\Local\Programs\MiKTeX\tex/latex/graphics-def\pdftex.def
))) (C:\Users\robin\AppData\Local\Programs\MiKTeX\tex/latex/xcolor\xcolor.sty
(C:\Users\robin\AppData\Local\Programs\MiKTeX\tex/latex/graphics-cfg\color.cfg)
(C:\Users\robin\AppData\Local\Programs\MiKTeX\tex/latex/graphics\mathcolor.ltx)
) (C:\Users\robin\AppData\Local\Programs\MiKTeX\tex/latex/caption\caption.sty
(C:\Users\robin\AppData\Local\Programs\MiKTeX\tex/latex/caption\caption3.sty)
(C:\Users\robin\AppData\Local\Programs\MiKTeX\tex/latex/caption\ltcaption.sty))
 (C:\Users\robin\AppData\Local\Programs\MiKTeX\tex/latex/natbib\natbib.sty)
(C:\Users\robin\AppData\Local\Programs\MiKTeX\tex/latex/xurl\xurl.sty
(C:\Users\robin\AppData\Local\Programs\MiKTeX\tex/latex/url\url.sty))
(C:\Users\robin\AppData\Local\Programs\MiKTeX\tex/latex/float\float.sty)
(C:\Users\robin\AppData\Local\Programs\MiKTeX\tex/latex/needspace\needspace.sty
) (C:\Users\robin\AppData\Local\Programs\MiKTeX\tex/latex/hyperref\hyperref.sty

(C:\Users\robin\AppData\Local\Programs\MiKTeX\tex/latex/kvsetkeys\kvsetkeys.sty
)
(C:\Users\robin\AppData\Local\Programs\MiKTeX\tex/generic/kvdefinekeys\kvdefine
keys.sty)
(C:\Users\robin\AppData\Local\Programs\MiKTeX\tex/generic/pdfescape\pdfescape.s
ty
(C:\Users\robin\AppData\Local\Programs\MiKTeX\tex/generic/ltxcmds\ltxcmds.sty)
(C:\Users\robin\AppData\Local\Programs\MiKTeX\tex/generic/pdftexcmds\pdftexcmds
.sty
(C:\Users\robin\AppData\Local\Programs\MiKTeX\tex/generic/infwarerr\infwarerr.s
ty)))
(C:\Users\robin\AppData\Local\Programs\MiKTeX\tex/latex/hycolor\hycolor.sty)
(C:\Users\robin\AppData\Local\Programs\MiKTeX\tex/latex/hyperref\nameref.sty
(C:\Users\robin\AppData\Local\Programs\MiKTeX\tex/latex/refcount\refcount.sty)
(C:\Users\robin\AppData\Local\Programs\MiKTeX\tex/generic/gettitlestring\gettit
lestring.sty
(C:\Users\robin\AppData\Local\Programs\MiKTeX\tex/latex/kvoptions\kvoptions.sty
)))
(C:\Users\robin\AppData\Local\Programs\MiKTeX\tex/generic/stringenc\stringenc.s
ty) (C:\Users\robin\AppData\Local\Programs\MiKTeX\tex/latex/hyperref\pd1enc.def
) (C:\Users\robin\AppData\Local\Programs\MiKTeX\tex/generic/intcalc\intcalc.sty
) (C:\Users\robin\AppData\Local\Programs\MiKTeX\tex/latex/hyperref\puenc.def)
(C:\Users\robin\AppData\Local\Programs\MiKTeX\tex/generic/bitset\bitset.sty
(C:\Users\robin\AppData\Local\Programs\MiKTeX\tex/generic/bigintcalc\bigintcalc
.sty)))
(C:\Users\robin\AppData\Local\Programs\MiKTeX\tex/latex/hyperref\hpdftex.def
(C:\Users\robin\AppData\Local\Programs\MiKTeX\tex/latex/rerunfilecheck\rerunfil
echeck.sty
(C:\Users\robin\AppData\Local\Programs\MiKTeX\tex/generic/uniquecounter\uniquec
ounter.sty)))
(C:\Users\robin\AppData\Local\Programs\MiKTeX\tex/latex/listings\listings.sty
(C:\Users\robin\AppData\Local\Programs\MiKTeX\tex/latex/listings\lstpatch.sty)
(C:\Users\robin\AppData\Local\Programs\MiKTeX\tex/latex/listings\lstmisc.sty)
(C:\Users\robin\AppData\Local\Programs\MiKTeX\tex/latex/listings\listings.cfg))
==> First Aid for listings.sty no longer applied!
    Expected:
        2024/09/23 1.10c (Carsten Heinz)
    but found:
        2025/11/14 1.11b (Carsten Heinz)
    so I'm assuming it got fixed.
(C:\Users\robin\AppData\Local\Programs\MiKTeX\tex/latex/lm\t1lmr.fd)
(C:\Users\robin\AppData\Local\Programs\MiKTeX\tex/latex/l3backend\l3backend-pdf
tex.def) (main.aux)
*geometry* driver: auto-detecting
*geometry* detected driver: pdftex
(C:\Users\robin\AppData\Local\Programs\MiKTeX\tex/latex/microtype\mt-cmr.cfg)
(C:\Users\robin\AppData\Local\Programs\MiKTeX\tex/context/base/mkii\supp-pdf.mk
ii
[Loading MPS to PDF converter (version 2006.09.02).]
)
(C:\Users\robin\AppData\Local\Programs\MiKTeX\tex/latex/epstopdf-pkg\epstopdf-b
ase.sty
(C:\Users\robin\AppData\Local\Programs\MiKTeX\tex/latex/00miktex\epstopdf-sys.c
fg)) (main.out) (main.out)
(C:\Users\robin\AppData\Local\Programs\MiKTeX\tex/latex/lm\ot1lmr.fd)
(C:\Users\robin\AppData\Local\Programs\MiKTeX\tex/latex/lm\omllmm.fd)
(C:\Users\robin\AppData\Local\Programs\MiKTeX\tex/latex/lm\omslmsy.fd)
(C:\Users\robin\AppData\Local\Programs\MiKTeX\tex/latex/lm\omxlmex.fd)
(C:\Users\robin\AppData\Local\Programs\MiKTeX\tex/latex/amsfonts\umsa.fd)
(C:\Users\robin\AppData\Local\Programs\MiKTeX\tex/latex/microtype\mt-msa.cfg)
(C:\Users\robin\AppData\Local\Programs\MiKTeX\tex/latex/amsfonts\umsb.fd)
(C:\Users\robin\AppData\Local\Programs\MiKTeX\tex/latex/microtype\mt-msb.cfg)
(C:\Users\robin\AppData\Local\Programs\MiKTeX\tex/latex/lm\ts1lmr.fd)
(abstract.tex) (introduction.tex [1{C:/Users/robin/AppData/Local/MiKTeX/fonts/m
ap/pdftex/pdftex.map}{C:/Users/robin/AppData/Local/Programs/MiKTeX/fonts/enc/dv
ips/lm/lm-ec.enc}{C:/Users/robin/AppData/Local/Programs/MiKTeX/fonts/enc/dvips/
lm/lm-ts1.enc}]

Package natbib Warning: Citation `OAIRepository' on page 2 undefined on input l
ine 21.


Package natbib Warning: Citation `GounderFrontiers2026' on page 2 undefined on 
input line 52.


Package natbib Warning: Citation `GounderCounting2026' on page 2 undefined on i
nput line 53.


Package natbib Warning: Citation `deMouraUllrich2021' on page 2 undefined on in
put line 60.


Package natbib Warning: Citation `mathlib2020' on page 2 undefined on input lin
e 61.


Package natbib Warning: Citation `AvigadEtAl2024Anatomy' on page 2 undefined on
 input line 62.


Package natbib Warning: Citation `CommelinTopaz2024' on page 2 undefined on inp
ut line 64.


Package natbib Warning: Citation `GonthierEtAl2013' on page 2 undefined on inpu
t line 71.


Package natbib Warning: Citation `HalesEtAl2017' on page 2 undefined on input l
ine 71.


Package natbib Warning: Citation `Perfectoid2020' on page 2 undefined on input 
line 73.


Package natbib Warning: Citation `Schemes2021' on page 2 undefined on input lin
e 73.

) (method.tex [2]
(C:\Users\robin\AppData\Local\Programs\MiKTeX\tex/latex/lm\t1lmtt.fd)

Package natbib Warning: Citation `MassotLeanBlueprint' on page 3 undefined on i
nput line 46.


Package natbib Warning: Citation `ZhuEtAl2026' on page 3 undefined on input lin
e 47.

) (cases.tex [3{C:/Users/robin/AppData/Local/Programs/MiKTeX/fonts/enc/dvips/lm
/lm-mathit.enc}] (overview.tex) (cases-discrete.tex

Package natbib Warning: Citation `OAICommonBases' on page 4 undefined on input 
line 6.

[4{C:/Users/robin/AppData/Local/Programs/MiKTeX/fonts/enc/dvips/lm/lm-rm.enc}{C
:/Users/robin/AppData/Local/Programs/MiKTeX/fonts/enc/dvips/lm/lm-mathsy.enc}]
[5{C:/Users/robin/AppData/Local/Programs/MiKTeX/fonts/enc/dvips/lm/lm-mathex.en
c}] [6]

Package natbib Warning: Citation `Leroy2009' on page 7 undefined on input line 
138.


Package natbib Warning: Citation `CakeML2014' on page 7 undefined on input line
 138.


Package natbib Warning: Citation `CertiCrypt2009' on page 7 undefined on input 
line 138.


Package natbib Warning: Citation `EasyCrypt2011' on page 7 undefined on input l
ine 138.


Package natbib Warning: Citation `AudebaudPaulinMohring2009' on page 7 undefine
d on input line 139.


Package natbib Warning: Citation `deMedeirosEtAl2025' on page 7 undefined on in
put line 141.


Package natbib Warning: Citation `BagnallStewartBanerjee2023' on page 7 undefin
ed on input line 148.


Package natbib Warning: Citation `OAISwitch' on page 7 undefined on input line 
159.

[7] [8]

Package natbib Warning: Citation `Harrison1995' on page 9 undefined on input li
ne 294.


Package natbib Warning: Citation `CohenMahboubi2012' on page 9 undefined on inp
ut line 294.

) (cases-analysis.tex [9]

Package natbib Warning: Citation `OAIMahler' on page 10 undefined on input line
 12.

[10]

Package natbib Warning: Citation `MathlibForms' on page 11 undefined on input l
ine 121.

[11]

Package natbib Warning: Citation `MathlibForms' on page 12 undefined on input l
ine 156.


Package natbib Warning: Citation `Kudryashov2022' on page 12 undefined on input
 line 158.


Package natbib Warning: Citation `OAICrouzeix' on page 12 undefined on input li
ne 178.


Package natbib Warning: Citation `GounderFrontiers2026' on page 12 undefined on
 input line 181.

[12] [13] [14]

Package natbib Warning: Citation `CrouzeixPalencia2017' on page 15 undefined on
 input line 357.


Package natbib Warning: Citation `GounderNumerical2026' on page 15 undefined on
 input line 360.

) (cases-architecture.tex

Package natbib Warning: Citation `ElliottRobertSantiago2011' on page 15 undefin
ed on input line 6.


Package natbib Warning: Citation `OAITraceIdeals' on page 15 undefined on input
 line 7.

[15] [16]

Package natbib Warning: Citation `ElliottRobertSantiago2011' on page 17 undefin
ed on input line 94.


Package natbib Warning: Citation `Perfectoid2020' on page 17 undefined on input
 line 136.


Package natbib Warning: Citation `CommelinTopaz2024' on page 17 undefined on in
put line 136.


Package natbib Warning: Citation `OAIAllSeams' on page 17 undefined on input li
ne 148.

[17]

Package natbib Warning: Citation `GarillotEtAl2009' on page 18 undefined on inp
ut line 198.


Package natbib Warning: Citation `Baanen2022' on page 18 undefined on input lin
e 198.

[18])) (method-profile.tex

Package natbib Warning: Citation `MathlibStyle' on page 19 undefined on input l
ine 8.

[19] (method-profile-table.tex [20]) (method-shift-figure.tex) [21]
(method-profile-joint-table.tex [22 <./figures/method-shift.pdf>])

Package natbib Warning: Citation `MathlibStyle' on page 23 undefined on input l
ine 142.


Package natbib Warning: Citation `LeanDecideSource' on page 23 undefined on inp
ut line 167.

[23]) (worked-examples.tex [24] [25]

Package natbib Warning: Citation `MathlibForms' on page 26 undefined on input l
ine 156.


Package natbib Warning: Citation `ElliottRobertSantiago2011' on page 26 undefin
ed on input line 185.

[26]) (discussion.tex [27]

Package natbib Warning: Citation `Leroy2009' on page 28 undefined on input line
 42.


Package natbib Warning: Citation `CakeML2014' on page 28 undefined on input lin
e 42.


Package natbib Warning: Citation `CertiCrypt2009' on page 28 undefined on input
 line 43.


Package natbib Warning: Citation `EasyCrypt2011' on page 28 undefined on input 
line 43.


Package natbib Warning: Citation `GarillotEtAl2009' on page 28 undefined on inp
ut line 46.


Package natbib Warning: Citation `Baanen2022' on page 28 undefined on input lin
e 46.


Package natbib Warning: Citation `CommelinTopaz2024' on page 28 undefined on in
put line 46.

(C:\Users\robin\AppData\Local\Programs\MiKTeX\tex/latex/lm\ts1lmtt.fd) [28]

Package natbib Warning: Citation `GuEtAl2025ProofOptimizer' on page 29 undefine
d on input line 128.


Package natbib Warning: Citation `LuEtAl2026LeanRefactor' on page 29 undefined 
on input line 130.

[29] [30]

Package natbib Warning: Citation `GounderArchitectureData2026' on page 31 undef
ined on input line 218.


Package natbib Warning: Citation `OAICatalog' on page 31 undefined on input lin
e 247.


Package natbib Warning: Citation `OAIComparator' on page 31 undefined on input 
line 251.


Package natbib Warning: Citation `ComparatorSource2026' on page 31 undefined on
 input line 253.


Package natbib Warning: Citation `deBruijn1970' on page 31 undefined on input l
ine 258.


Package natbib Warning: Citation `BarendregtWiedijk2005' on page 31 undefined o
n input line 258.


Package natbib Warning: Citation `Carneiro2025Lean4Lean' on page 31 undefined o
n input line 259.


Package natbib Warning: Citation `vanDoornEbnerLewis2020' on page 31 undefined 
on input line 261.

) (main.bbl [31] [32] [33] [34])

Package natbib Warning: There were undefined citations.

[35] (main.aux

Package natbib Warning: Citation(s) may have changed.
(natbib)                Rerun to get citations correct.

) )<C:/Users/robin/AppData/Local/Programs/MiKTeX/fonts/type1/public/lm/lmbx10.p
fb><C:/Users/robin/AppData/Local/Programs/MiKTeX/fonts/type1/public/lm/lmbx12.p
fb><C:/Users/robin/AppData/Local/Programs/MiKTeX/fonts/type1/public/lm/lmex10.p
fb><C:/Users/robin/AppData/Local/Programs/MiKTeX/fonts/type1/public/lm/lmmi10.p
fb><C:/Users/robin/AppData/Local/Programs/MiKTeX/fonts/type1/public/lm/lmmi6.pf
b><C:/Users/robin/AppData/Local/Programs/MiKTeX/fonts/type1/public/lm/lmmi8.pfb
><C:/Users/robin/AppData/Local/Programs/MiKTeX/fonts/type1/public/lm/lmmi9.pfb>
<C:/Users/robin/AppData/Local/Programs/MiKTeX/fonts/type1/public/lm/lmr10.pfb><
C:/Users/robin/AppData/Local/Programs/MiKTeX/fonts/type1/public/lm/lmr12.pfb><C
:/Users/robin/AppData/Local/Programs/MiKTeX/fonts/type1/public/lm/lmr17.pfb><C:
/Users/robin/AppData/Local/Programs/MiKTeX/fonts/type1/public/lm/lmr6.pfb><C:/U
sers/robin/AppData/Local/Programs/MiKTeX/fonts/type1/public/lm/lmr7.pfb><C:/Use
rs/robin/AppData/Local/Programs/MiKTeX/fonts/type1/public/lm/lmr8.pfb><C:/Users
/robin/AppData/Local/Programs/MiKTeX/fonts/type1/public/lm/lmr9.pfb><C:/Users/r
obin/AppData/Local/Programs/MiKTeX/fonts/type1/public/lm/lmri10.pfb><C:/Users/r
obin/AppData/Local/Programs/MiKTeX/fonts/type1/public/lm/lmsy10.pfb><C:/Users/r
obin/AppData/Local/Programs/MiKTeX/fonts/type1/public/lm/lmsy6.pfb><C:/Users/ro
bin/AppData/Local/Programs/MiKTeX/fonts/type1/public/lm/lmsy8.pfb><C:/Users/rob
in/AppData/Local/Programs/MiKTeX/fonts/type1/public/lm/lmtt10.pfb><C:/Users/rob
in/AppData/Local/Programs/MiKTeX/fonts/type1/public/lm/lmtt9.pfb><C:/Users/robi
n/AppData/Local/Programs/MiKTeX/fonts/type1/public/amsfonts/symbols/msbm10.pfb>

Output written on main.pdf (35 pages, 715065 bytes).
Transcript written on main.log.
