This is pdfTeX, Version 3.141592653-2.6-1.40.28 (MiKTeX 25.12) (preloaded format=pdflatex.fmt)
 restricted \write18 enabled.
entering extended mode
(main.tex
LaTeX2e <2025-11-01>
L3 programming layer <2025-12-24>
(C:\Users\robin\AppData\Local\Programs\MiKTeX\tex/latex/base\article.cls
Document Class: article 2025/01/22 v1.4n Standard LaTeX document class
(C:\Users\robin\AppData\Local\Programs\MiKTeX\tex/latex/base\size11.clo))
(C:\Users\robin\AppData\Local\Programs\MiKTeX\tex/latex/base\fontenc.sty)
(C:\Users\robin\AppData\Local\Programs\MiKTeX\tex/latex/base\inputenc.sty)
(C:\Users\robin\AppData\Local\Programs\MiKTeX\tex/latex/lm\lmodern.sty)
(C:\Users\robin\AppData\Local\Programs\MiKTeX\tex/latex/geometry\geometry.sty
(C:\Users\robin\AppData\Local\Programs\MiKTeX\tex/latex/graphics\keyval.sty)
(C:\Users\robin\AppData\Local\Programs\MiKTeX\tex/generic/iftex\ifvtex.sty
(C:\Users\robin\AppData\Local\Programs\MiKTeX\tex/generic/iftex\iftex.sty))
(C:\Users\robin\AppData\Local\Programs\MiKTeX\tex/latex/geometry\geometry.cfg))
(C:\Users\robin\AppData\Local\Programs\MiKTeX\tex/latex/amsmath\amsmath.sty
For additional information on amsmath, use the `?' option.
(C:\Users\robin\AppData\Local\Programs\MiKTeX\tex/latex/amsmath\amstext.sty
(C:\Users\robin\AppData\Local\Programs\MiKTeX\tex/latex/amsmath\amsgen.sty))
(C:\Users\robin\AppData\Local\Programs\MiKTeX\tex/latex/amsmath\amsbsy.sty)
(C:\Users\robin\AppData\Local\Programs\MiKTeX\tex/latex/amsmath\amsopn.sty))
(C:\Users\robin\AppData\Local\Programs\MiKTeX\tex/latex/amsfonts\amssymb.sty
(C:\Users\robin\AppData\Local\Programs\MiKTeX\tex/latex/amsfonts\amsfonts.sty))
 (C:\Users\robin\AppData\Local\Programs\MiKTeX\tex/latex/amscls\amsthm.sty)
(C:\Users\robin\AppData\Local\Programs\MiKTeX\tex/latex/mathtools\mathtools.sty
(C:\Users\robin\AppData\Local\Programs\MiKTeX\tex/latex/tools\calc.sty)
(C:\Users\robin\AppData\Local\Programs\MiKTeX\tex/latex/mathtools\mhsetup.sty))

(C:\Users\robin\AppData\Local\Programs\MiKTeX\tex/latex/microtype\microtype.sty
(C:\Users\robin\AppData\Local\Programs\MiKTeX\tex/latex/etoolbox\etoolbox.sty)
(C:\Users\robin\AppData\Local\Programs\MiKTeX\tex/latex/microtype\microtype-pdf
tex.def)
(C:\Users\robin\AppData\Local\Programs\MiKTeX\tex/latex/microtype\microtype.cfg
))
(C:\Users\robin\AppData\Local\Programs\MiKTeX\tex/latex/booktabs\booktabs.sty)
(C:\Users\robin\AppData\Local\Programs\MiKTeX\tex/latex/tools\longtable.sty)
(C:\Users\robin\AppData\Local\Programs\MiKTeX\tex/latex/tools\array.sty)
(C:\Users\robin\AppData\Local\Programs\MiKTeX\tex/latex/natbib\natbib.sty)
(C:\Users\robin\AppData\Local\Programs\MiKTeX\tex/latex/xurl\xurl.sty
(C:\Users\robin\AppData\Local\Programs\MiKTeX\tex/latex/url\url.sty))
(C:\Users\robin\AppData\Local\Programs\MiKTeX\tex/latex/hyperref\hyperref.sty
(C:\Users\robin\AppData\Local\Programs\MiKTeX\tex/latex/kvsetkeys\kvsetkeys.sty
)
(C:\Users\robin\AppData\Local\Programs\MiKTeX\tex/generic/kvdefinekeys\kvdefine
keys.sty)
(C:\Users\robin\AppData\Local\Programs\MiKTeX\tex/generic/pdfescape\pdfescape.s
ty
(C:\Users\robin\AppData\Local\Programs\MiKTeX\tex/generic/ltxcmds\ltxcmds.sty)
(C:\Users\robin\AppData\Local\Programs\MiKTeX\tex/generic/pdftexcmds\pdftexcmds
.sty
(C:\Users\robin\AppData\Local\Programs\MiKTeX\tex/generic/infwarerr\infwarerr.s
ty)))
(C:\Users\robin\AppData\Local\Programs\MiKTeX\tex/latex/hycolor\hycolor.sty)
(C:\Users\robin\AppData\Local\Programs\MiKTeX\tex/latex/hyperref\nameref.sty
(C:\Users\robin\AppData\Local\Programs\MiKTeX\tex/latex/refcount\refcount.sty)
(C:\Users\robin\AppData\Local\Programs\MiKTeX\tex/generic/gettitlestring\gettit
lestring.sty
(C:\Users\robin\AppData\Local\Programs\MiKTeX\tex/latex/kvoptions\kvoptions.sty
)))
(C:\Users\robin\AppData\Local\Programs\MiKTeX\tex/generic/stringenc\stringenc.s
ty) (C:\Users\robin\AppData\Local\Programs\MiKTeX\tex/latex/hyperref\pd1enc.def
) (C:\Users\robin\AppData\Local\Programs\MiKTeX\tex/generic/intcalc\intcalc.sty
) (C:\Users\robin\AppData\Local\Programs\MiKTeX\tex/latex/hyperref\puenc.def)
(C:\Users\robin\AppData\Local\Programs\MiKTeX\tex/generic/bitset\bitset.sty
(C:\Users\robin\AppData\Local\Programs\MiKTeX\tex/generic/bigintcalc\bigintcalc
.sty)))
(C:\Users\robin\AppData\Local\Programs\MiKTeX\tex/latex/hyperref\hpdftex.def
(C:\Users\robin\AppData\Local\Programs\MiKTeX\tex/latex/rerunfilecheck\rerunfil
echeck.sty
(C:\Users\robin\AppData\Local\Programs\MiKTeX\tex/generic/uniquecounter\uniquec
ounter.sty)))
(C:\Users\robin\AppData\Local\Programs\MiKTeX\tex/latex/listings\listings.sty
(C:\Users\robin\AppData\Local\Programs\MiKTeX\tex/latex/listings\lstpatch.sty)
(C:\Users\robin\AppData\Local\Programs\MiKTeX\tex/latex/listings\lstmisc.sty)
(C:\Users\robin\AppData\Local\Programs\MiKTeX\tex/latex/listings\listings.cfg))
==> First Aid for listings.sty no longer applied!
    Expected:
        2024/09/23 1.10c (Carsten Heinz)
    but found:
        2025/11/14 1.11b (Carsten Heinz)
    so I'm assuming it got fixed.
(C:\Users\robin\AppData\Local\Programs\MiKTeX\tex/latex/lm\t1lmr.fd)
(C:\Users\robin\AppData\Local\Programs\MiKTeX\tex/latex/l3backend\l3backend-pdf
tex.def) (main.aux)
*geometry* driver: auto-detecting
*geometry* detected driver: pdftex
(C:\Users\robin\AppData\Local\Programs\MiKTeX\tex/latex/graphics\graphicx.sty
(C:\Users\robin\AppData\Local\Programs\MiKTeX\tex/latex/graphics\graphics.sty
(C:\Users\robin\AppData\Local\Programs\MiKTeX\tex/latex/graphics\trig.sty)
(C:\Users\robin\AppData\Local\Programs\MiKTeX\tex/latex/graphics-cfg\graphics.c
fg)
(C:\Users\robin\AppData\Local\Programs\MiKTeX\tex/latex/graphics-def\pdftex.def

(C:\Users\robin\AppData\Local\Programs\MiKTeX\tex/context/base/mkii\supp-pdf.mk
ii
[Loading MPS to PDF converter (version 2006.09.02).]
)))
(C:\Users\robin\AppData\Local\Programs\MiKTeX\tex/latex/epstopdf-pkg\epstopdf-b
ase.sty
(C:\Users\robin\AppData\Local\Programs\MiKTeX\tex/latex/00miktex\epstopdf-sys.c
fg)))
(C:\Users\robin\AppData\Local\Programs\MiKTeX\tex/latex/microtype\mt-cmr.cfg)
(main.out) (main.out)
(C:\Users\robin\AppData\Local\Programs\MiKTeX\tex/latex/lm\ot1lmr.fd)
(C:\Users\robin\AppData\Local\Programs\MiKTeX\tex/latex/lm\omllmm.fd)
(C:\Users\robin\AppData\Local\Programs\MiKTeX\tex/latex/lm\omslmsy.fd)
(C:\Users\robin\AppData\Local\Programs\MiKTeX\tex/latex/lm\omxlmex.fd)
(C:\Users\robin\AppData\Local\Programs\MiKTeX\tex/latex/amsfonts\umsa.fd)
(C:\Users\robin\AppData\Local\Programs\MiKTeX\tex/latex/microtype\mt-msa.cfg)
(C:\Users\robin\AppData\Local\Programs\MiKTeX\tex/latex/amsfonts\umsb.fd)
(C:\Users\robin\AppData\Local\Programs\MiKTeX\tex/latex/microtype\mt-msb.cfg)
(C:\Users\robin\AppData\Local\Programs\MiKTeX\tex/latex/lm\ts1lmr.fd)
(abstract.tex) (introduction.tex [1{C:/Users/robin/AppData/Local/MiKTeX/fonts/m
ap/pdftex/pdftex.map}{C:/Users/robin/AppData/Local/Programs/MiKTeX/fonts/enc/dv
ips/lm/lm-ec.enc}{C:/Users/robin/AppData/Local/Programs/MiKTeX/fonts/enc/dvips/
lm/lm-ts1.enc}]) (method.tex
(C:\Users\robin\AppData\Local\Programs\MiKTeX\tex/latex/lm\t1lmtt.fd) [2]
[3{C:/Users/robin/AppData/Local/Programs/MiKTeX/fonts/enc/dvips/lm/lm-mathit.en
c}]) (cases.tex (cases-discrete.tex [4{C:/Users/robin/AppData/Local/Programs/Mi
KTeX/fonts/enc/dvips/lm/lm-rm.enc}{C:/Users/robin/AppData/Local/Programs/MiKTeX
/fonts/enc/dvips/lm/lm-mathsy.enc}] [5{C:/Users/robin/AppData/Local/Programs/Mi
KTeX/fonts/enc/dvips/lm/lm-mathex.enc}] [6] [7]) (cases-analysis.tex [8]
[9] [10] [11]) (cases-architecture.tex [12] [13] [14])) (worked-examples.tex
[15] [16] [17]) (discussion.tex [18] [19]) (main.bbl [20] [21] [22]) [23]
(main.aux) )<C:/Users/robin/AppData/Local/Programs/MiKTeX/fonts/type1/public/lm
/lmbx10.pfb><C:/Users/robin/AppData/Local/Programs/MiKTeX/fonts/type1/public/lm
/lmbx12.pfb><C:/Users/robin/AppData/Local/Programs/MiKTeX/fonts/type1/public/lm
/lmex10.pfb><C:/Users/robin/AppData/Local/Programs/MiKTeX/fonts/type1/public/lm
/lmmi10.pfb><C:/Users/robin/AppData/Local/Programs/MiKTeX/fonts/type1/public/lm
/lmmi6.pfb><C:/Users/robin/AppData/Local/Programs/MiKTeX/fonts/type1/public/lm/
lmmi8.pfb><C:/Users/robin/AppData/Local/Programs/MiKTeX/fonts/type1/public/lm/l
mmi9.pfb><C:/Users/robin/AppData/Local/Programs/MiKTeX/fonts/type1/public/lm/lm
r10.pfb><C:/Users/robin/AppData/Local/Programs/MiKTeX/fonts/type1/public/lm/lmr
12.pfb><C:/Users/robin/AppData/Local/Programs/MiKTeX/fonts/type1/public/lm/lmr1
7.pfb><C:/Users/robin/AppData/Local/Programs/MiKTeX/fonts/type1/public/lm/lmr6.
pfb><C:/Users/robin/AppData/Local/Programs/MiKTeX/fonts/type1/public/lm/lmr8.pf
b><C:/Users/robin/AppData/Local/Programs/MiKTeX/fonts/type1/public/lm/lmr9.pfb>
<C:/Users/robin/AppData/Local/Programs/MiKTeX/fonts/type1/public/lm/lmri10.pfb>
<C:/Users/robin/AppData/Local/Programs/MiKTeX/fonts/type1/public/lm/lmsy10.pfb>
<C:/Users/robin/AppData/Local/Programs/MiKTeX/fonts/type1/public/lm/lmsy6.pfb><
C:/Users/robin/AppData/Local/Programs/MiKTeX/fonts/type1/public/lm/lmsy8.pfb><C
:/Users/robin/AppData/Local/Programs/MiKTeX/fonts/type1/public/lm/lmtt10.pfb><C
:/Users/robin/AppData/Local/Programs/MiKTeX/fonts/type1/public/lm/lmtt9.pfb><C:
/Users/robin/AppData/Local/Programs/MiKTeX/fonts/type1/public/amsfonts/symbols/
msbm10.pfb>
Output written on main.pdf (23 pages, 580954 bytes).
Transcript written on main.log.
